14:13:47 **** Incremental Build of configuration Debug for project pwm_usart ****
make -j16 all 
arm-none-eabi-gcc "../Core/Src/main.c" -mcpu=cortex-m3 -std=gnu11 -g3 -DDEBUG -DUSE_HAL_DRIVER -DSTM32F103xB -c -I../Core/Inc -I../Drivers/STM32F1xx_HAL_Driver/Inc/Legacy -I../Drivers/STM32F1xx_HAL_Driver/Inc -I../Drivers/CMSIS/Device/ST/STM32F1xx/Include -I../Drivers/CMSIS/Include -O0 -ffunction-sections -fdata-sections -Wall -fstack-usage -fcyclomatic-complexity -MMD -MP -MF"Core/Src/main.d" -MT"Core/Src/main.o" --specs=nano.specs -mfloat-abi=soft -mthumb -o "Core/Src/main.o"
arm-none-eabi-gcc -o "pwm_usart.elf" @"objects.list"   -mcpu=cortex-m3 -T"/home/arthur/STM32CubeIDE/workspace_1.16.0/interruption/pwm_usart/STM32F103C8TX_FLASH.ld" --specs=nosys.specs -Wl,-Map="pwm_usart.map" -Wl,--gc-sections -static --specs=nano.specs -mfloat-abi=soft -mthumb -Wl,--start-group -lc -lm -Wl,--end-group
Finished building target: pwm_usart.elf
 
arm-none-eabi-size  pwm_usart.elf 
arm-none-eabi-objdump -h -S pwm_usart.elf  > "pwm_usart.list"
   text	   data	    bss	    dec	    hex	filename
   2364	      4	   1604	   3972	    f84	pwm_usart.elf
Finished building: default.size.stdout
 
Finished building: pwm_usart.list
 
