../Drivers/CMSIS/Include/core_cm3.h:1511:22:__NVIC_EnableIRQ	16	static
../Core/Src/main.c:35:5:main	8	static
../Core/Src/main.c:87:6:resetDemoMode	4	static
../Core/Src/main.c:100:6:updateColorSequence	4	static
../Core/Src/main.c:163:6:uart_write	16	static
../Core/Src/main.c:173:6:USART1Config	8	static
../Core/Src/main.c:189:6:RCCEnable	4	static
../Core/Src/main.c:194:6:GPIOConfig	4	static
../Core/Src/main.c:210:6:timer2Config	8	static
../Core/Src/main.c:221:6:TIM2_IRQHandler	8	static
../Core/Src/main.c:230:6:USART1_IRQHandler	8	static
../Core/Src/main.c:253:6:Timer3Config	4	static
